Using pre-set license
Built from '6000.0/staging' branch; Version is '6000.0.26f1 (ccb7c73d2c02) revision 13416391'; Using compiler version '193933523'; Build Type 'Release'
OS: 'Windows 11  (10.0.22631) 64bit CoreSingleLanguage' Language: 'en' Physical Memory: 16051 MB
BatchMode: 1, IsHumanControllingUs: 0, StartBugReporterOnCrash: 0, Is64bit: 1, IsPro: 1

COMMAND LINE ARGUMENTS:
C:\Program Files\Unity\Hub\Editor\6000.0.26f1\Editor\Unity.exe
-adb2
-batchMode
-noUpm
-name
AssetImportWorker4
-projectPath
C:/Users/khant/group05/uidesert
-logFile
Logs/AssetImportWorker4.log
-srvPort
57558
-job-worker-count
7
-background-job-worker-count
8
-asset-garbage-collectors
1
Successfully changed project path to: C:/Users/khant/group05/uidesert
C:/Users/khant/group05/uidesert
[UnityMemory] Configuration Parameters - Can be set up in boot.config
    "memorysetup-bucket-allocator-granularity=16"
    "memorysetup-bucket-allocator-bucket-count=8"
    "memorysetup-bucket-allocator-block-size=33554432"
    "memorysetup-bucket-allocator-block-count=8"
    "memorysetup-main-allocator-block-size=16777216"
    "memorysetup-thread-allocator-block-size=16777216"
    "memorysetup-gfx-main-allocator-block-size=16777216"
    "memorysetup-gfx-thread-allocator-block-size=16777216"
    "memorysetup-cache-allocator-block-size=4194304"
    "memorysetup-typetree-allocator-block-size=2097152"
    "memorysetup-profiler-bucket-allocator-granularity=16"
    "memorysetup-profiler-bucket-allocator-bucket-count=8"
    "memorysetup-profiler-bucket-allocator-block-size=33554432"
    "memorysetup-profiler-bucket-allocator-block-count=8"
    "memorysetup-profiler-allocator-block-size=16777216"
    "memorysetup-profiler-editor-allocator-block-size=1048576"
    "memorysetup-temp-allocator-size-main=16777216"
    "memorysetup-job-temp-allocator-block-size=2097152"
    "memorysetup-job-temp-allocator-block-size-background=1048576"
    "memorysetup-job-temp-allocator-reduction-small-platforms=262144"
    "memorysetup-allocator-temp-initial-block-size-main=262144"
    "memorysetup-allocator-temp-initial-block-size-worker=262144"
    "memorysetup-temp-allocator-size-background-worker=32768"
    "memorysetup-temp-allocator-size-job-worker=262144"
    "memorysetup-temp-allocator-size-preload-manager=33554432"
    "memorysetup-temp-allocator-size-nav-mesh-worker=65536"
    "memorysetup-temp-allocator-size-audio-worker=65536"
    "memorysetup-temp-allocator-size-cloud-worker=32768"
    "memorysetup-temp-allocator-size-gi-baking-worker=262144"
    "memorysetup-temp-allocator-size-gi-baking-worker=262144"
    "memorysetup-temp-allocator-size-gi-baking-worker=262144"
    "memorysetup-temp-allocator-size-gi-baking-worker=262144"
    "memorysetup-temp-allocator-size-gi-baking-worker=262144"
    "memorysetup-temp-allocator-size-gfx=262144"
Player connection [12184]  Target information:

Player connection [12184]  * "[IP] 192.168.1.2 [Port] 0 [Flags] 2 [Guid] 2409980559 [EditorId] 2409980559 [Version] 1048832 [Id] WindowsEditor(7,Tabish) [Debug] 1 [PackageName] WindowsEditor [ProjectName] Editor" 

Player connection [12184] Host joined multi-casting on [225.0.0.222:54997]...
Player connection [12184] Host joined alternative multi-casting on [225.0.0.222:34997]...
JobSystem: Creating JobQueue using job-worker-count value 7
[Physics::Module] Initialized fallback backend.
[Physics::Module] Id: 0xdecafbad
Library Redirect Path: Library/
[Physics::Module] Selected backend.
[Physics::Module] Name: PhysX
[Physics::Module] Id: 0xf2b8ea05
[Physics::Module] SDK Version: 4.1.2
[Physics::Module] Integration Version: 1.0.0
[Physics::Module] Threading Mode: Multi-Threaded
Refreshing native plugins compatible for Editor in 7.05 ms, found 3 plugins.
Preloading 0 native plugins for Editor in 0.00 ms.
Initialize engine version: 6000.0.26f1 (ccb7c73d2c02)
[Subsystems] Discovering subsystems at path C:/Program Files/Unity/Hub/Editor/6000.0.26f1/Editor/Data/Resources/UnitySubsystems
[Subsystems] Discovering subsystems at path C:/Users/khant/group05/uidesert/Assets
GfxDevice: creating device client; kGfxThreadingModeNonThreaded
Direct3D:
    Version:  Direct3D 11.0 [level 11.1]
    Renderer: NVIDIA GeForce RTX 3050 Ti Laptop GPU (ID=0x25a0)
    Vendor:   NVIDIA
    VRAM:     3962 MB
    Driver:   32.0.15.5613
Initialize mono
Mono path[0] = 'C:/Program Files/Unity/Hub/Editor/6000.0.26f1/Editor/Data/Managed'
Mono path[1] = 'C:/Program Files/Unity/Hub/Editor/6000.0.26f1/Editor/Data/MonoBleedingEdge/lib/mono/unityjit-win32'
Mono config path = 'C:/Program Files/Unity/Hub/Editor/6000.0.26f1/Editor/Data/MonoBleedingEdge/etc'
Using monoOptions --debugger-agent=transport=dt_socket,embedding=1,server=y,suspend=n,address=127.0.0.1:56644
Begin MonoManager ReloadAssembly
Registering precompiled unity dll's ...
Register platform support module: C:/Program Files/Unity/Hub/Editor/6000.0.26f1/Editor/Data/PlaybackEngines/WindowsStandaloneSupport/UnityEditor.WindowsStandalone.Extensions.dll
Registered in 0.003116 seconds.
- Loaded All Assemblies, in  0.650 seconds
Native extension for WindowsStandalone target not found
Mono: successfully reloaded assembly
- Finished resetting the current domain, in  0.532 seconds
Domain Reload Profiling: 1182ms
	BeginReloadAssembly (270ms)
		ExecutionOrderSort (0ms)
		DisableScriptedObjects (0ms)
		BackupInstance (0ms)
		ReleaseScriptingObjects (0ms)
		CreateAndSetChildDomain (1ms)
	RebuildCommonClasses (60ms)
	RebuildNativeTypeToScriptingClass (16ms)
	initialDomainReloadingComplete (99ms)
	LoadAllAssembliesAndSetupDomain (201ms)
		LoadAssemblies (266ms)
		RebuildTransferFunctionScriptingTraits (0ms)
		AnalyzeDomain (195ms)
			TypeCache.Refresh (194ms)
				TypeCache.ScanAssembly (176ms)
			BuildScriptInfoCaches (0ms)
			ResolveRequiredComponents (1ms)
	FinalizeReload (536ms)
		ReleaseScriptCaches (0ms)
		RebuildScriptCaches (0ms)
		SetupLoadedEditorAssemblies (450ms)
			LogAssemblyErrors (0ms)
			InitializePlatformSupportModulesInManaged (42ms)
			SetLoadedEditorAssemblies (6ms)
			BeforeProcessingInitializeOnLoad (8ms)
			ProcessInitializeOnLoadAttributes (264ms)
			ProcessInitializeOnLoadMethodAttributes (127ms)
			AfterProcessingInitializeOnLoad (3ms)
			EditorAssembliesLoaded (0ms)
		ExecutionOrderSort2 (0ms)
		AwakeInstancesAfterBackupRestoration (0ms)
========================================================================
Worker process is ready to serve import requests
Import Worker Mode flag is 0x00
Begin MonoManager ReloadAssembly
- Loaded All Assemblies, in  1.889 seconds
Refreshing native plugins compatible for Editor in 0.80 ms, found 3 plugins.
Native extension for WindowsStandalone target not found
Mono: successfully reloaded assembly
- Finished resetting the current domain, in  1.383 seconds
Domain Reload Profiling: 3269ms
	BeginReloadAssembly (994ms)
		ExecutionOrderSort (0ms)
		DisableScriptedObjects (32ms)
		BackupInstance (0ms)
		ReleaseScriptingObjects (0ms)
		CreateAndSetChildDomain (35ms)
	RebuildCommonClasses (39ms)
	RebuildNativeTypeToScriptingClass (13ms)
	initialDomainReloadingComplete (46ms)
	LoadAllAssembliesAndSetupDomain (792ms)
		LoadAssemblies (597ms)
		RebuildTransferFunctionScriptingTraits (0ms)
		AnalyzeDomain (325ms)
			TypeCache.Refresh (205ms)
				TypeCache.ScanAssembly (187ms)
			BuildScriptInfoCaches (107ms)
			ResolveRequiredComponents (10ms)
	FinalizeReload (1384ms)
		ReleaseScriptCaches (0ms)
		RebuildScriptCaches (0ms)
		SetupLoadedEditorAssemblies (909ms)
			LogAssemblyErrors (0ms)
			InitializePlatformSupportModulesInManaged (3ms)
			SetLoadedEditorAssemblies (6ms)
			BeforeProcessingInitializeOnLoad (97ms)
			ProcessInitializeOnLoadAttributes (692ms)
			ProcessInitializeOnLoadMethodAttributes (102ms)
			AfterProcessingInitializeOnLoad (8ms)
			EditorAssembliesLoaded (0ms)
		ExecutionOrderSort2 (0ms)
		AwakeInstancesAfterBackupRestoration (9ms)
Launched and connected shader compiler UnityShaderCompiler.exe after 0.08 seconds
Refreshing native plugins compatible for Editor in 3.53 ms, found 3 plugins.
Preloading 0 native plugins for Editor in 0.00 ms.
Unloading 198 Unused Serialized files (Serialized files now loaded: 0)
Unloading 5899 unused Assets / (4.3 MB). Loaded Objects now: 6693.
Memory consumption went from 198.6 MB to 194.3 MB.
Total: 11.236200 ms (FindLiveObjects: 0.609600 ms CreateObjectMapping: 0.514500 ms MarkObjects: 7.183600 ms  DeleteObjects: 2.926700 ms)

========================================================================
Received Import Request.
  Time since last request: 29856.380298 seconds.
  path: Assets/Characters/SpacePack/Astronaut/Astronaut.fbx
  artifactKey: Guid(353a1605ca332f6419902d54aabe415c) Importer(815301076,1909f56bfc062723c751e8b465ee728b)
Start importing Assets/Characters/SpacePack/Astronaut/Astronaut.fbx using Guid(353a1605ca332f6419902d54aabe415c) Importer(815301076,1909f56bfc062723c751e8b465ee728b) (PreviewImporter) -> (artifact id: '4ba8f53aea47650498020ca841c04857') in 1.3557609 seconds
Number of updated asset objects reloaded before import = 0Number of asset objects unloaded after import = 180

========================================================================
Received Import Request.
  Time since last request: 15.193793 seconds.
  path: Assets/Characters/SpacePack/Astronaut/Prefabs/Astronaut.prefab
  artifactKey: Guid(05a74a5dbba233f4a9683ab6cd414e54) Importer(815301076,1909f56bfc062723c751e8b465ee728b)
Start importing Assets/Characters/SpacePack/Astronaut/Prefabs/Astronaut.prefab using Guid(05a74a5dbba233f4a9683ab6cd414e54) Importer(815301076,1909f56bfc062723c751e8b465ee728b) (PreviewImporter) -> (artifact id: '57c687f7c9b9ba5b87386e1aa9c4722f') in 0.1834643 seconds
Number of updated asset objects reloaded before import = 0Number of asset objects unloaded after import = 180

========================================================================
Received Import Request.
  Time since last request: 4479.890135 seconds.
  path: Assets/Characters/SpacePack/Astronaut/Prefabs/Astronaut.prefab
  artifactKey: Guid(05a74a5dbba233f4a9683ab6cd414e54) Importer(815301076,1909f56bfc062723c751e8b465ee728b)
Start importing Assets/Characters/SpacePack/Astronaut/Prefabs/Astronaut.prefab using Guid(05a74a5dbba233f4a9683ab6cd414e54) Importer(815301076,1909f56bfc062723c751e8b465ee728b) (PreviewImporter) -> (artifact id: 'd81e52ffb4616ed7e7864dc75693a6a2') in 2.0956462 seconds
Number of updated asset objects reloaded before import = 0Number of asset objects unloaded after import = 180

========================================================================
Received Import Request.
  Time since last request: 43.480149 seconds.
  path: Assets/Characters/SpacePack/Astronaut/Posed.fbx
  artifactKey: Guid(4fb9690a80a0bbe40adfc6364de9d3e3) Importer(815301076,1909f56bfc062723c751e8b465ee728b)
Start importing Assets/Characters/SpacePack/Astronaut/Posed.fbx using Guid(4fb9690a80a0bbe40adfc6364de9d3e3) Importer(815301076,1909f56bfc062723c751e8b465ee728b) (PreviewImporter) -> (artifact id: '1e61bb1bd9a79a2effd57872d4de87ea') in 0.2086938 seconds
Number of updated asset objects reloaded before import = 0Number of asset objects unloaded after import = 15

========================================================================
Received Import Request.
  Time since last request: 0.865865 seconds.
  path: Assets/Characters/SpacePack/Astronaut/Astronaut.fbx
  artifactKey: Guid(353a1605ca332f6419902d54aabe415c) Importer(815301076,1909f56bfc062723c751e8b465ee728b)
Start importing Assets/Characters/SpacePack/Astronaut/Astronaut.fbx using Guid(353a1605ca332f6419902d54aabe415c) Importer(815301076,1909f56bfc062723c751e8b465ee728b) (PreviewImporter) -> (artifact id: 'eb020dcfe20c179139c5bd37810b3018') in 0.1706702 seconds
Number of updated asset objects reloaded before import = 0Number of asset objects unloaded after import = 180

========================================================================
Received Import Request.
  Time since last request: 3.406721 seconds.
  path: Assets/Characters/SpacePack/Astronaut/Textures/Astronaut_D.tif
  artifactKey: Guid(2756676811b532b408cb1941a3c9ad49) Importer(815301076,1909f56bfc062723c751e8b465ee728b)
Start importing Assets/Characters/SpacePack/Astronaut/Textures/Astronaut_D.tif using Guid(2756676811b532b408cb1941a3c9ad49) Importer(815301076,1909f56bfc062723c751e8b465ee728b) (PreviewImporter) -> (artifact id: '8c2ae5b23a463563cb57aef6ad3653db') in 0.1491142 seconds
Number of updated asset objects reloaded before import = 0Number of asset objects unloaded after import = 2

========================================================================
Received Import Request.
  Time since last request: 0.516507 seconds.
  path: Assets/Characters/SpacePack/Astronaut/Materials/Astronaut_diff.mat
  artifactKey: Guid(364ddedfe78a693498aa216eb13694c6) Importer(815301076,1909f56bfc062723c751e8b465ee728b)
Start importing Assets/Characters/SpacePack/Astronaut/Materials/Astronaut_diff.mat using Guid(364ddedfe78a693498aa216eb13694c6) Importer(815301076,1909f56bfc062723c751e8b465ee728b) (PreviewImporter) -> (artifact id: 'eea9f2ccce761184e8de0d38f8f38531') in 0.3111748 seconds
Number of updated asset objects reloaded before import = 0Number of asset objects unloaded after import = 6

========================================================================
Received Import Request.
  Time since last request: 0.259249 seconds.
  path: Assets/Zindeaxx/Characters/Astronaut/Textures/Astronaut_low_Astronaut_AlbedoTransparency.png
  artifactKey: Guid(879193dfcae322c4e845c2b5c147cfe1) Importer(815301076,1909f56bfc062723c751e8b465ee728b)
Start importing Assets/Zindeaxx/Characters/Astronaut/Textures/Astronaut_low_Astronaut_AlbedoTransparency.png using Guid(879193dfcae322c4e845c2b5c147cfe1) Importer(815301076,1909f56bfc062723c751e8b465ee728b) (PreviewImporter) -> (artifact id: 'ac9a0c3af1a4912b60b3c4ecdc7c929e') in 0.0221562 seconds
Number of updated asset objects reloaded before import = 0Number of asset objects unloaded after import = 2

========================================================================
Received Import Request.
  Time since last request: 0.000028 seconds.
  path: Assets/Zindeaxx/Characters/Astronaut/Textures/Astronaut_low_Astronaut_Emission.png
  artifactKey: Guid(98a43ed13f47fc4478760d95c2076b86) Importer(815301076,1909f56bfc062723c751e8b465ee728b)
Start importing Assets/Zindeaxx/Characters/Astronaut/Textures/Astronaut_low_Astronaut_Emission.png using Guid(98a43ed13f47fc4478760d95c2076b86) Importer(815301076,1909f56bfc062723c751e8b465ee728b) (PreviewImporter) -> (artifact id: '86208036c5a940466ef6da2b0878b430') in 0.0142392 seconds
Number of updated asset objects reloaded before import = 0Number of asset objects unloaded after import = 2

========================================================================
Received Import Request.
  Time since last request: 0.518655 seconds.
  path: Assets/Zindeaxx/Characters/Astronaut/Textures/Astronaut_low_Astronaut_MetallicSmoothness.png
  artifactKey: Guid(5616b8c234dc9db40ac0042c99345f4b) Importer(815301076,1909f56bfc062723c751e8b465ee728b)
Start importing Assets/Zindeaxx/Characters/Astronaut/Textures/Astronaut_low_Astronaut_MetallicSmoothness.png using Guid(5616b8c234dc9db40ac0042c99345f4b) Importer(815301076,1909f56bfc062723c751e8b465ee728b) (PreviewImporter) -> (artifact id: 'dc718581bc873fd53fe712bfbf3508db') in 0.0247807 seconds
Number of updated asset objects reloaded before import = 0Number of asset objects unloaded after import = 2

========================================================================
Received Import Request.
  Time since last request: 0.439784 seconds.
  path: Assets/Zindeaxx/Characters/Astronaut/Textures/Astronaut_low_Astronaut_Normal.png
  artifactKey: Guid(3612639fdd7fce0428e663147a2807b7) Importer(815301076,1909f56bfc062723c751e8b465ee728b)
Start importing Assets/Zindeaxx/Characters/Astronaut/Textures/Astronaut_low_Astronaut_Normal.png using Guid(3612639fdd7fce0428e663147a2807b7) Importer(815301076,1909f56bfc062723c751e8b465ee728b) (PreviewImporter) -> (artifact id: '2daa7a50ab19e015f48b136612ec7c68') in 0.0349188 seconds
Number of updated asset objects reloaded before import = 0Number of asset objects unloaded after import = 2

========================================================================
Received Import Request.
  Time since last request: 0.400392 seconds.
  path: Assets/Zindeaxx/Characters/Astronaut/Materials/Astronaut_Standard.mat
  artifactKey: Guid(a1b0d31f16d43b2449f172d2c43294c3) Importer(815301076,1909f56bfc062723c751e8b465ee728b)
Start importing Assets/Zindeaxx/Characters/Astronaut/Materials/Astronaut_Standard.mat using Guid(a1b0d31f16d43b2449f172d2c43294c3) Importer(815301076,1909f56bfc062723c751e8b465ee728b) (PreviewImporter) -> (artifact id: '6527eb833ee1b701a140ff98f0473a70') in 0.141422 seconds
Number of updated asset objects reloaded before import = 0Number of asset objects unloaded after import = 5

========================================================================
Received Import Request.
  Time since last request: 0.168690 seconds.
  path: Assets/Zindeaxx/Characters/Astronaut/Materials/Astronaut_URP.mat
  artifactKey: Guid(f3153e75f5ae9064e94142ba6f56461e) Importer(815301076,1909f56bfc062723c751e8b465ee728b)
Start importing Assets/Zindeaxx/Characters/Astronaut/Materials/Astronaut_URP.mat using Guid(f3153e75f5ae9064e94142ba6f56461e) Importer(815301076,1909f56bfc062723c751e8b465ee728b) (PreviewImporter) -> (artifact id: '2b308a69d5e99e6739fc7075d3b4b344') in 4.8120871 seconds
Number of updated asset objects reloaded before import = 0Number of asset objects unloaded after import = 5

========================================================================
Received Import Request.
  Time since last request: 0.000043 seconds.
  path: Assets/Zindeaxx/Characters/Astronaut/Model/Lio_Character_Astronaut.FBX
  artifactKey: Guid(bca73bea0b13fbc4cb9c6a5ad9cc8e5d) Importer(815301076,1909f56bfc062723c751e8b465ee728b)
Start importing Assets/Zindeaxx/Characters/Astronaut/Model/Lio_Character_Astronaut.FBX using Guid(bca73bea0b13fbc4cb9c6a5ad9cc8e5d) Importer(815301076,1909f56bfc062723c751e8b465ee728b) (PreviewImporter) -> (artifact id: '987c497035ee9534ab0ddc327cb04ee5') in 0.0997703 seconds
Number of updated asset objects reloaded before import = 0Number of asset objects unloaded after import = 160

========================================================================
Received Prepare
Begin MonoManager ReloadAssembly
- Loaded All Assemblies, in  4.044 seconds
Refreshing native plugins compatible for Editor in 5.01 ms, found 3 plugins.
Native extension for WindowsStandalone target not found
Mono: successfully reloaded assembly
- Finished resetting the current domain, in  2.297 seconds
Domain Reload Profiling: 6348ms
	BeginReloadAssembly (1646ms)
		ExecutionOrderSort (0ms)
		DisableScriptedObjects (260ms)
		BackupInstance (0ms)
		ReleaseScriptingObjects (3ms)
		CreateAndSetChildDomain (711ms)
	RebuildCommonClasses (105ms)
	RebuildNativeTypeToScriptingClass (36ms)
	initialDomainReloadingComplete (89ms)
	LoadAllAssembliesAndSetupDomain (2173ms)
		LoadAssemblies (1729ms)
		RebuildTransferFunctionScriptingTraits (0ms)
		AnalyzeDomain (788ms)
			TypeCache.Refresh (42ms)
				TypeCache.ScanAssembly (0ms)
			BuildScriptInfoCaches (696ms)
			ResolveRequiredComponents (26ms)
	FinalizeReload (2298ms)
		ReleaseScriptCaches (0ms)
		RebuildScriptCaches (0ms)
		SetupLoadedEditorAssemblies (1511ms)
			LogAssemblyErrors (0ms)
			InitializePlatformSupportModulesInManaged (7ms)
			SetLoadedEditorAssemblies (13ms)
			BeforeProcessingInitializeOnLoad (164ms)
			ProcessInitializeOnLoadAttributes (1137ms)
			ProcessInitializeOnLoadMethodAttributes (158ms)
			AfterProcessingInitializeOnLoad (31ms)
			EditorAssembliesLoaded (1ms)
		ExecutionOrderSort2 (0ms)
		AwakeInstancesAfterBackupRestoration (36ms)
Refreshing native plugins compatible for Editor in 4.17 ms, found 3 plugins.
Preloading 0 native plugins for Editor in 0.00 ms.
Unloading 23 Unused Serialized files (Serialized files now loaded: 0)
Unloading 5897 unused Assets / (3.9 MB). Loaded Objects now: 6781.
Memory consumption went from 194.9 MB to 191.0 MB.
Total: 17.478400 ms (FindLiveObjects: 0.811900 ms CreateObjectMapping: 0.663700 ms MarkObjects: 12.631000 ms  DeleteObjects: 3.368700 ms)

Prepare: number of updated asset objects reloaded= 0
========================================================================
Received Import Request.
  Time since last request: 416.410197 seconds.
  path: Assets/Characters/Astrobolt/Characters/Astronaut/Textures/forgotten_miniland_4k(1).hdr
  artifactKey: Guid(eebc866f86030be419ff282ad2ef9af6) Importer(815301076,1909f56bfc062723c751e8b465ee728b)
Start importing Assets/Characters/Astrobolt/Characters/Astronaut/Textures/forgotten_miniland_4k(1).hdr using Guid(eebc866f86030be419ff282ad2ef9af6) Importer(815301076,1909f56bfc062723c751e8b465ee728b) (PreviewImporter) -> (artifact id: 'ecbb5bf66db4e4af3f1ec9c3b687d5e8') in 1.1006268 seconds
Number of updated asset objects reloaded before import = 0Number of asset objects unloaded after import = 1

========================================================================
Received Import Request.
  Time since last request: 2.296676 seconds.
  path: Assets/Characters/Astrobolt/Characters/Astronaut/Scene/Astonaut_Testscene/Volume Profile.asset
  artifactKey: Guid(5f11a0c47c4dbef47881e461eecc16d5) Importer(815301076,1909f56bfc062723c751e8b465ee728b)
Start importing Assets/Characters/Astrobolt/Characters/Astronaut/Scene/Astonaut_Testscene/Volume Profile.asset using Guid(5f11a0c47c4dbef47881e461eecc16d5) Importer(815301076,1909f56bfc062723c751e8b465ee728b) (PreviewImporter) -> (artifact id: 'f1fc7981b24c9ddb33ab0c9132f9dec7') in 0.0026083 seconds
Number of updated asset objects reloaded before import = 0Number of asset objects unloaded after import = 4

